Archive member included to satisfy reference by file (symbol)

/usr/lib/gcc/arm-none-eabi/10.3.1/../../../arm-none-eabi/lib/libc_nano.a(lib_a-atexit.o)
                              /usr/lib/gcc/arm-none-eabi/10.3.1/../../../arm-none-eabi/lib/crt0.o (atexit)
/usr/lib/gcc/arm-none-eabi/10.3.1/../../../arm-none-eabi/lib/libc_nano.a(lib_a-exit.o)
                              /usr/lib/gcc/arm-none-eabi/10.3.1/../../../arm-none-eabi/lib/crt0.o (exit)
/usr/lib/gcc/arm-none-eabi/10.3.1/../../../arm-none-eabi/lib/libc_nano.a(lib_a-fini.o)
                              /usr/lib/gcc/arm-none-eabi/10.3.1/../../../arm-none-eabi/lib/crt0.o (__libc_fini_array)
/usr/lib/gcc/arm-none-eabi/10.3.1/../../../arm-none-eabi/lib/libc_nano.a(lib_a-impure.o)
                              /usr/lib/gcc/arm-none-eabi/10.3.1/../../../arm-none-eabi/lib/libc_nano.a(lib_a-exit.o) (_global_impure_ptr)
/usr/lib/gcc/arm-none-eabi/10.3.1/../../../arm-none-eabi/lib/libc_nano.a(lib_a-init.o)
                              /usr/lib/gcc/arm-none-eabi/10.3.1/../../../arm-none-eabi/lib/crt0.o (__libc_init_array)
/usr/lib/gcc/arm-none-eabi/10.3.1/../../../arm-none-eabi/lib/libc_nano.a(lib_a-memcpy-stub.o)
                              freertos/queue.o (memcpy)
/usr/lib/gcc/arm-none-eabi/10.3.1/../../../arm-none-eabi/lib/libc_nano.a(lib_a-memset.o)
                              /usr/lib/gcc/arm-none-eabi/10.3.1/../../../arm-none-eabi/lib/crt0.o (memset)
/usr/lib/gcc/arm-none-eabi/10.3.1/../../../arm-none-eabi/lib/libc_nano.a(lib_a-__atexit.o)
                              /usr/lib/gcc/arm-none-eabi/10.3.1/../../../arm-none-eabi/lib/libc_nano.a(lib_a-atexit.o) (__register_exitproc)
/usr/lib/gcc/arm-none-eabi/10.3.1/../../../arm-none-eabi/lib/libc_nano.a(lib_a-__call_atexit.o)
                              /usr/lib/gcc/arm-none-eabi/10.3.1/../../../arm-none-eabi/lib/libc_nano.a(lib_a-__atexit.o) (__call_exitprocs)

Discarded input sections

 .text          0x0000000000000000        0x0 /usr/lib/gcc/arm-none-eabi/10.3.1/crti.o
 .data          0x0000000000000000        0x0 /usr/lib/gcc/arm-none-eabi/10.3.1/crti.o
 .bss           0x0000000000000000        0x0 /usr/lib/gcc/arm-none-eabi/10.3.1/crti.o
 .text          0x0000000000000000       0xdc /usr/lib/gcc/arm-none-eabi/10.3.1/crtbegin.o
 .data          0x0000000000000000        0x4 /usr/lib/gcc/arm-none-eabi/10.3.1/crtbegin.o
 .bss           0x0000000000000000       0x1c /usr/lib/gcc/arm-none-eabi/10.3.1/crtbegin.o
 .rodata        0x0000000000000000       0x24 /usr/lib/gcc/arm-none-eabi/10.3.1/crtbegin.o
 .init_array    0x0000000000000000        0x4 /usr/lib/gcc/arm-none-eabi/10.3.1/crtbegin.o
 .fini_array    0x0000000000000000        0x4 /usr/lib/gcc/arm-none-eabi/10.3.1/crtbegin.o
 .eh_frame      0x0000000000000000        0x0 /usr/lib/gcc/arm-none-eabi/10.3.1/crtbegin.o
 .tm_clone_table
                0x0000000000000000        0x0 /usr/lib/gcc/arm-none-eabi/10.3.1/crtbegin.o
 .comment       0x0000000000000000       0x34 /usr/lib/gcc/arm-none-eabi/10.3.1/crtbegin.o
 .ARM.attributes
                0x0000000000000000       0x2a /usr/lib/gcc/arm-none-eabi/10.3.1/crtbegin.o
 .text          0x0000000000000000      0x128 /usr/lib/gcc/arm-none-eabi/10.3.1/../../../arm-none-eabi/lib/crt0.o
 .data          0x0000000000000000        0x0 /usr/lib/gcc/arm-none-eabi/10.3.1/../../../arm-none-eabi/lib/crt0.o
 .bss           0x0000000000000000        0x0 /usr/lib/gcc/arm-none-eabi/10.3.1/../../../arm-none-eabi/lib/crt0.o
 .ARM.extab     0x0000000000000000        0x0 /usr/lib/gcc/arm-none-eabi/10.3.1/../../../arm-none-eabi/lib/crt0.o
 .ARM.exidx     0x0000000000000000       0x10 /usr/lib/gcc/arm-none-eabi/10.3.1/../../../arm-none-eabi/lib/crt0.o
 .debug_line    0x0000000000000000       0xa3 /usr/lib/gcc/arm-none-eabi/10.3.1/../../../arm-none-eabi/lib/crt0.o
 .debug_info    0x0000000000000000       0x26 /usr/lib/gcc/arm-none-eabi/10.3.1/../../../arm-none-eabi/lib/crt0.o
 .debug_abbrev  0x0000000000000000       0x14 /usr/lib/gcc/arm-none-eabi/10.3.1/../../../arm-none-eabi/lib/crt0.o
 .debug_aranges
                0x0000000000000000       0x20 /usr/lib/gcc/arm-none-eabi/10.3.1/../../../arm-none-eabi/lib/crt0.o
 .debug_str     0x0000000000000000       0x7b /usr/lib/gcc/arm-none-eabi/10.3.1/../../../arm-none-eabi/lib/crt0.o
 .ARM.attributes
                0x0000000000000000       0x1a /usr/lib/gcc/arm-none-eabi/10.3.1/../../../arm-none-eabi/lib/crt0.o
 .data          0x0000000000000000        0x0 main.o
 .bss           0x0000000000000000        0x0 main.o
 .data          0x0000000000000000        0x0 startup.o
 .bss           0x0000000000000000        0x0 startup.o
 .data          0x0000000000000000        0x0 freertos/list.o
 .bss           0x0000000000000000        0x0 freertos/list.o
 .text          0x0000000000000000      0xf74 freertos/queue.o
 .data          0x0000000000000000        0x0 freertos/queue.o
 .bss           0x0000000000000000       0x40 freertos/queue.o
 .debug_info    0x0000000000000000      0xef8 freertos/queue.o
 .debug_abbrev  0x0000000000000000      0x21d freertos/queue.o
 .debug_aranges
                0x0000000000000000       0x20 freertos/queue.o
 .debug_line    0x0000000000000000      0xa3f freertos/queue.o
 .debug_str     0x0000000000000000      0x791 freertos/queue.o
 .comment       0x0000000000000000       0x34 freertos/queue.o
 .debug_frame   0x0000000000000000      0x3d0 freertos/queue.o
 .ARM.attributes
                0x0000000000000000       0x2c freertos/queue.o
 .data          0x0000000000000000        0x0 freertos/tasks.o
 .rodata        0x0000000000000000        0x2 freertos/portable/MemMang/heap_2.o
 .bss           0x0000000000000000        0x0 freertos/portable/GCC/ARM_CM0/port.o
 .text          0x0000000000000000       0x20 /usr/lib/gcc/arm-none-eabi/10.3.1/../../../arm-none-eabi/lib/libc_nano.a(lib_a-atexit.o)
 .data          0x0000000000000000        0x0 /usr/lib/gcc/arm-none-eabi/10.3.1/../../../arm-none-eabi/lib/libc_nano.a(lib_a-atexit.o)
 .bss           0x0000000000000000        0x0 /usr/lib/gcc/arm-none-eabi/10.3.1/../../../arm-none-eabi/lib/libc_nano.a(lib_a-atexit.o)
 .debug_info    0x0000000000000000      0x100 /usr/lib/gcc/arm-none-eabi/10.3.1/../../../arm-none-eabi/lib/libc_nano.a(lib_a-atexit.o)
 .debug_abbrev  0x0000000000000000       0xb4 /usr/lib/gcc/arm-none-eabi/10.3.1/../../../arm-none-eabi/lib/libc_nano.a(lib_a-atexit.o)
 .debug_loc     0x0000000000000000       0x32 /usr/lib/gcc/arm-none-eabi/10.3.1/../../../arm-none-eabi/lib/libc_nano.a(lib_a-atexit.o)
 .debug_aranges
                0x0000000000000000       0x20 /usr/lib/gcc/arm-none-eabi/10.3.1/../../../arm-none-eabi/lib/libc_nano.a(lib_a-atexit.o)
 .debug_line    0x0000000000000000       0xbc /usr/lib/gcc/arm-none-eabi/10.3.1/../../../arm-none-eabi/lib/libc_nano.a(lib_a-atexit.o)
 .debug_str     0x0000000000000000      0x1c3 /usr/lib/gcc/arm-none-eabi/10.3.1/../../../arm-none-eabi/lib/libc_nano.a(lib_a-atexit.o)
 .comment       0x0000000000000000       0x34 /usr/lib/gcc/arm-none-eabi/10.3.1/../../../arm-none-eabi/lib/libc_nano.a(lib_a-atexit.o)
 .debug_frame   0x0000000000000000       0x2c /usr/lib/gcc/arm-none-eabi/10.3.1/../../../arm-none-eabi/lib/libc_nano.a(lib_a-atexit.o)
 .ARM.attributes
                0x0000000000000000       0x2a /usr/lib/gcc/arm-none-eabi/10.3.1/../../../arm-none-eabi/lib/libc_nano.a(lib_a-atexit.o)
 .text          0x0000000000000000       0x40 /usr/lib/gcc/arm-none-eabi/10.3.1/../../../arm-none-eabi/lib/libc_nano.a(lib_a-exit.o)
 .data          0x0000000000000000        0x0 /usr/lib/gcc/arm-none-eabi/10.3.1/../../../arm-none-eabi/lib/libc_nano.a(lib_a-exit.o)
 .bss           0x0000000000000000        0x0 /usr/lib/gcc/arm-none-eabi/10.3.1/../../../arm-none-eabi/lib/libc_nano.a(lib_a-exit.o)
 .debug_info    0x0000000000000000      0x81a /usr/lib/gcc/arm-none-eabi/10.3.1/../../../arm-none-eabi/lib/libc_nano.a(lib_a-exit.o)
 .debug_abbrev  0x0000000000000000      0x1ba /usr/lib/gcc/arm-none-eabi/10.3.1/../../../arm-none-eabi/lib/libc_nano.a(lib_a-exit.o)
 .debug_loc     0x0000000000000000       0x22 /usr/lib/gcc/arm-none-eabi/10.3.1/../../../arm-none-eabi/lib/libc_nano.a(lib_a-exit.o)
 .debug_aranges
                0x0000000000000000       0x20 /usr/lib/gcc/arm-none-eabi/10.3.1/../../../arm-none-eabi/lib/libc_nano.a(lib_a-exit.o)
 .debug_line    0x0000000000000000      0x162 /usr/lib/gcc/arm-none-eabi/10.3.1/../../../arm-none-eabi/lib/libc_nano.a(lib_a-exit.o)
 .debug_str     0x0000000000000000      0x502 /usr/lib/gcc/arm-none-eabi/10.3.1/../../../arm-none-eabi/lib/libc_nano.a(lib_a-exit.o)
 .comment       0x0000000000000000       0x34 /usr/lib/gcc/arm-none-eabi/10.3.1/../../../arm-none-eabi/lib/libc_nano.a(lib_a-exit.o)
 .debug_frame   0x0000000000000000       0x28 /usr/lib/gcc/arm-none-eabi/10.3.1/../../../arm-none-eabi/lib/libc_nano.a(lib_a-exit.o)
 .ARM.attributes
                0x0000000000000000       0x2a /usr/lib/gcc/arm-none-eabi/10.3.1/../../../arm-none-eabi/lib/libc_nano.a(lib_a-exit.o)
 .text          0x0000000000000000       0x44 /usr/lib/gcc/arm-none-eabi/10.3.1/../../../arm-none-eabi/lib/libc_nano.a(lib_a-fini.o)
 .data          0x0000000000000000        0x0 /usr/lib/gcc/arm-none-eabi/10.3.1/../../../arm-none-eabi/lib/libc_nano.a(lib_a-fini.o)
 .bss           0x0000000000000000        0x0 /usr/lib/gcc/arm-none-eabi/10.3.1/../../../arm-none-eabi/lib/libc_nano.a(lib_a-fini.o)
 .debug_info    0x0000000000000000      0x102 /usr/lib/gcc/arm-none-eabi/10.3.1/../../../arm-none-eabi/lib/libc_nano.a(lib_a-fini.o)
 .debug_abbrev  0x0000000000000000       0xcc /usr/lib/gcc/arm-none-eabi/10.3.1/../../../arm-none-eabi/lib/libc_nano.a(lib_a-fini.o)
 .debug_loc     0x0000000000000000       0x68 /usr/lib/gcc/arm-none-eabi/10.3.1/../../../arm-none-eabi/lib/libc_nano.a(lib_a-fini.o)
 .debug_aranges
                0x0000000000000000       0x20 /usr/lib/gcc/arm-none-eabi/10.3.1/../../../arm-none-eabi/lib/libc_nano.a(lib_a-fini.o)
 .debug_line    0x0000000000000000       0xdb /usr/lib/gcc/arm-none-eabi/10.3.1/../../../arm-none-eabi/lib/libc_nano.a(lib_a-fini.o)
 .debug_str     0x0000000000000000      0x1bb /usr/lib/gcc/arm-none-eabi/10.3.1/../../../arm-none-eabi/lib/libc_nano.a(lib_a-fini.o)
 .comment       0x0000000000000000       0x34 /usr/lib/gcc/arm-none-eabi/10.3.1/../../../arm-none-eabi/lib/libc_nano.a(lib_a-fini.o)
 .debug_frame   0x0000000000000000       0x34 /usr/lib/gcc/arm-none-eabi/10.3.1/../../../arm-none-eabi/lib/libc_nano.a(lib_a-fini.o)
 .ARM.attributes
                0x0000000000000000       0x2a /usr/lib/gcc/arm-none-eabi/10.3.1/../../../arm-none-eabi/lib/libc_nano.a(lib_a-fini.o)
 .text          0x0000000000000000        0x0 /usr/lib/gcc/arm-none-eabi/10.3.1/../../../arm-none-eabi/lib/libc_nano.a(lib_a-impure.o)
 .data          0x0000000000000000       0x64 /usr/lib/gcc/arm-none-eabi/10.3.1/../../../arm-none-eabi/lib/libc_nano.a(lib_a-impure.o)
 .bss           0x0000000000000000        0x0 /usr/lib/gcc/arm-none-eabi/10.3.1/../../../arm-none-eabi/lib/libc_nano.a(lib_a-impure.o)
 .rodata        0x0000000000000000        0x4 /usr/lib/gcc/arm-none-eabi/10.3.1/../../../arm-none-eabi/lib/libc_nano.a(lib_a-impure.o)
 .debug_info    0x0000000000000000      0x863 /usr/lib/gcc/arm-none-eabi/10.3.1/../../../arm-none-eabi/lib/libc_nano.a(lib_a-impure.o)
 .debug_abbrev  0x0000000000000000      0x151 /usr/lib/gcc/arm-none-eabi/10.3.1/../../../arm-none-eabi/lib/libc_nano.a(lib_a-impure.o)
 .debug_aranges
                0x0000000000000000       0x18 /usr/lib/gcc/arm-none-eabi/10.3.1/../../../arm-none-eabi/lib/libc_nano.a(lib_a-impure.o)
 .debug_line    0x0000000000000000       0xdb /usr/lib/gcc/arm-none-eabi/10.3.1/../../../arm-none-eabi/lib/libc_nano.a(lib_a-impure.o)
 .debug_str     0x0000000000000000      0x538 /usr/lib/gcc/arm-none-eabi/10.3.1/../../../arm-none-eabi/lib/libc_nano.a(lib_a-impure.o)
 .comment       0x0000000000000000       0x34 /usr/lib/gcc/arm-none-eabi/10.3.1/../../../arm-none-eabi/lib/libc_nano.a(lib_a-impure.o)
 .ARM.attributes
                0x0000000000000000       0x30 /usr/lib/gcc/arm-none-eabi/10.3.1/../../../arm-none-eabi/lib/libc_nano.a(lib_a-impure.o)
 .text          0x0000000000000000       0x88 /usr/lib/gcc/arm-none-eabi/10.3.1/../../../arm-none-eabi/lib/libc_nano.a(lib_a-init.o)
 .data          0x0000000000000000        0x0 /usr/lib/gcc/arm-none-eabi/10.3.1/../../../arm-none-eabi/lib/libc_nano.a(lib_a-init.o)
 .bss           0x0000000000000000        0x0 /usr/lib/gcc/arm-none-eabi/10.3.1/../../../arm-none-eabi/lib/libc_nano.a(lib_a-init.o)
 .debug_info    0x0000000000000000      0x11a /usr/lib/gcc/arm-none-eabi/10.3.1/../../../arm-none-eabi/lib/libc_nano.a(lib_a-init.o)
 .debug_abbrev  0x0000000000000000       0xcc /usr/lib/gcc/arm-none-eabi/10.3.1/../../../arm-none-eabi/lib/libc_nano.a(lib_a-init.o)
 .debug_loc     0x0000000000000000       0xba /usr/lib/gcc/arm-none-eabi/10.3.1/../../../arm-none-eabi/lib/libc_nano.a(lib_a-init.o)
 .debug_aranges
                0x0000000000000000       0x20 /usr/lib/gcc/arm-none-eabi/10.3.1/../../../arm-none-eabi/lib/libc_nano.a(lib_a-init.o)
 .debug_line    0x0000000000000000      0x121 /usr/lib/gcc/arm-none-eabi/10.3.1/../../../arm-none-eabi/lib/libc_nano.a(lib_a-init.o)
 .debug_str     0x0000000000000000      0x1e5 /usr/lib/gcc/arm-none-eabi/10.3.1/../../../arm-none-eabi/lib/libc_nano.a(lib_a-init.o)
 .comment       0x0000000000000000       0x34 /usr/lib/gcc/arm-none-eabi/10.3.1/../../../arm-none-eabi/lib/libc_nano.a(lib_a-init.o)
 .debug_frame   0x0000000000000000       0x34 /usr/lib/gcc/arm-none-eabi/10.3.1/../../../arm-none-eabi/lib/libc_nano.a(lib_a-init.o)
 .ARM.attributes
                0x0000000000000000       0x2a /usr/lib/gcc/arm-none-eabi/10.3.1/../../../arm-none-eabi/lib/libc_nano.a(lib_a-init.o)
 .text          0x0000000000000000      0x120 /usr/lib/gcc/arm-none-eabi/10.3.1/../../../arm-none-eabi/lib/libc_nano.a(lib_a-memcpy-stub.o)
 .data          0x0000000000000000        0x0 /usr/lib/gcc/arm-none-eabi/10.3.1/../../../arm-none-eabi/lib/libc_nano.a(lib_a-memcpy-stub.o)
 .bss           0x0000000000000000        0x0 /usr/lib/gcc/arm-none-eabi/10.3.1/../../../arm-none-eabi/lib/libc_nano.a(lib_a-memcpy-stub.o)
 .debug_info    0x0000000000000000      0x15c /usr/lib/gcc/arm-none-eabi/10.3.1/../../../arm-none-eabi/lib/libc_nano.a(lib_a-memcpy-stub.o)
 .debug_abbrev  0x0000000000000000       0xc7 /usr/lib/gcc/arm-none-eabi/10.3.1/../../../arm-none-eabi/lib/libc_nano.a(lib_a-memcpy-stub.o)
 .debug_loc     0x0000000000000000      0x221 /usr/lib/gcc/arm-none-eabi/10.3.1/../../../arm-none-eabi/lib/libc_nano.a(lib_a-memcpy-stub.o)
 .debug_aranges
                0x0000000000000000       0x20 /usr/lib/gcc/arm-none-eabi/10.3.1/../../../arm-none-eabi/lib/libc_nano.a(lib_a-memcpy-stub.o)
 .debug_line    0x0000000000000000      0x1ba /usr/lib/gcc/arm-none-eabi/10.3.1/../../../arm-none-eabi/lib/libc_nano.a(lib_a-memcpy-stub.o)
 .debug_str     0x0000000000000000      0x1bf /usr/lib/gcc/arm-none-eabi/10.3.1/../../../arm-none-eabi/lib/libc_nano.a(lib_a-memcpy-stub.o)
 .comment       0x0000000000000000       0x34 /usr/lib/gcc/arm-none-eabi/10.3.1/../../../arm-none-eabi/lib/libc_nano.a(lib_a-memcpy-stub.o)
 .debug_frame   0x0000000000000000       0x38 /usr/lib/gcc/arm-none-eabi/10.3.1/../../../arm-none-eabi/lib/libc_nano.a(lib_a-memcpy-stub.o)
 .ARM.attributes
                0x0000000000000000       0x2a /usr/lib/gcc/arm-none-eabi/10.3.1/../../../arm-none-eabi/lib/libc_nano.a(lib_a-memcpy-stub.o)
 .text          0x0000000000000000      0x11c /usr/lib/gcc/arm-none-eabi/10.3.1/../../../arm-none-eabi/lib/libc_nano.a(lib_a-memset.o)
 .data          0x0000000000000000        0x0 /usr/lib/gcc/arm-none-eabi/10.3.1/../../../arm-none-eabi/lib/libc_nano.a(lib_a-memset.o)
 .bss           0x0000000000000000        0x0 /usr/lib/gcc/arm-none-eabi/10.3.1/../../../arm-none-eabi/lib/libc_nano.a(lib_a-memset.o)
 .debug_info    0x0000000000000000      0x13d /usr/lib/gcc/arm-none-eabi/10.3.1/../../../arm-none-eabi/lib/libc_nano.a(lib_a-memset.o)
 .debug_abbrev  0x0000000000000000       0xb4 /usr/lib/gcc/arm-none-eabi/10.3.1/../../../arm-none-eabi/lib/libc_nano.a(lib_a-memset.o)
 .debug_loc     0x0000000000000000      0x313 /usr/lib/gcc/arm-none-eabi/10.3.1/../../../arm-none-eabi/lib/libc_nano.a(lib_a-memset.o)
 .debug_aranges
                0x0000000000000000       0x20 /usr/lib/gcc/arm-none-eabi/10.3.1/../../../arm-none-eabi/lib/libc_nano.a(lib_a-memset.o)
 .debug_line    0x0000000000000000      0x1d5 /usr/lib/gcc/arm-none-eabi/10.3.1/../../../arm-none-eabi/lib/libc_nano.a(lib_a-memset.o)
 .debug_str     0x0000000000000000      0x19a /usr/lib/gcc/arm-none-eabi/10.3.1/../../../arm-none-eabi/lib/libc_nano.a(lib_a-memset.o)
 .comment       0x0000000000000000       0x34 /usr/lib/gcc/arm-none-eabi/10.3.1/../../../arm-none-eabi/lib/libc_nano.a(lib_a-memset.o)
 .debug_frame   0x0000000000000000       0x48 /usr/lib/gcc/arm-none-eabi/10.3.1/../../../arm-none-eabi/lib/libc_nano.a(lib_a-memset.o)
 .ARM.attributes
                0x0000000000000000       0x2a /usr/lib/gcc/arm-none-eabi/10.3.1/../../../arm-none-eabi/lib/libc_nano.a(lib_a-memset.o)
 .text          0x0000000000000000      0x108 /usr/lib/gcc/arm-none-eabi/10.3.1/../../../arm-none-eabi/lib/libc_nano.a(lib_a-__atexit.o)
 .data          0x0000000000000000        0x4 /usr/lib/gcc/arm-none-eabi/10.3.1/../../../arm-none-eabi/lib/libc_nano.a(lib_a-__atexit.o)
 .bss           0x0000000000000000       0x8c /usr/lib/gcc/arm-none-eabi/10.3.1/../../../arm-none-eabi/lib/libc_nano.a(lib_a-__atexit.o)
 .debug_info    0x0000000000000000      0x269 /usr/lib/gcc/arm-none-eabi/10.3.1/../../../arm-none-eabi/lib/libc_nano.a(lib_a-__atexit.o)
 .debug_abbrev  0x0000000000000000      0x1bd /usr/lib/gcc/arm-none-eabi/10.3.1/../../../arm-none-eabi/lib/libc_nano.a(lib_a-__atexit.o)
 .debug_loc     0x0000000000000000      0x1b3 /usr/lib/gcc/arm-none-eabi/10.3.1/../../../arm-none-eabi/lib/libc_nano.a(lib_a-__atexit.o)
 .debug_aranges
                0x0000000000000000       0x20 /usr/lib/gcc/arm-none-eabi/10.3.1/../../../arm-none-eabi/lib/libc_nano.a(lib_a-__atexit.o)
 .debug_line    0x0000000000000000      0x1ef /usr/lib/gcc/arm-none-eabi/10.3.1/../../../arm-none-eabi/lib/libc_nano.a(lib_a-__atexit.o)
 .debug_str     0x0000000000000000      0x271 /usr/lib/gcc/arm-none-eabi/10.3.1/../../../arm-none-eabi/lib/libc_nano.a(lib_a-__atexit.o)
 .comment       0x0000000000000000       0x34 /usr/lib/gcc/arm-none-eabi/10.3.1/../../../arm-none-eabi/lib/libc_nano.a(lib_a-__atexit.o)
 .debug_frame   0x0000000000000000       0x40 /usr/lib/gcc/arm-none-eabi/10.3.1/../../../arm-none-eabi/lib/libc_nano.a(lib_a-__atexit.o)
 .ARM.attributes
                0x0000000000000000       0x2a /usr/lib/gcc/arm-none-eabi/10.3.1/../../../arm-none-eabi/lib/libc_nano.a(lib_a-__atexit.o)
 .text          0x0000000000000000      0x130 /usr/lib/gcc/arm-none-eabi/10.3.1/../../../arm-none-eabi/lib/libc_nano.a(lib_a-__call_atexit.o)
 .data          0x0000000000000000        0x0 /usr/lib/gcc/arm-none-eabi/10.3.1/../../../arm-none-eabi/lib/libc_nano.a(lib_a-__call_atexit.o)
 .bss           0x0000000000000000        0x4 /usr/lib/gcc/arm-none-eabi/10.3.1/../../../arm-none-eabi/lib/libc_nano.a(lib_a-__call_atexit.o)
 .debug_info    0x0000000000000000      0x249 /usr/lib/gcc/arm-none-eabi/10.3.1/../../../arm-none-eabi/lib/libc_nano.a(lib_a-__call_atexit.o)
 .debug_abbrev  0x0000000000000000      0x179 /usr/lib/gcc/arm-none-eabi/10.3.1/../../../arm-none-eabi/lib/libc_nano.a(lib_a-__call_atexit.o)
 .debug_loc     0x0000000000000000      0x183 /usr/lib/gcc/arm-none-eabi/10.3.1/../../../arm-none-eabi/lib/libc_nano.a(lib_a-__call_atexit.o)
 .debug_aranges
                0x0000000000000000       0x20 /usr/lib/gcc/arm-none-eabi/10.3.1/../../../arm-none-eabi/lib/libc_nano.a(lib_a-__call_atexit.o)
 .debug_ranges  0x0000000000000000       0x28 /usr/lib/gcc/arm-none-eabi/10.3.1/../../../arm-none-eabi/lib/libc_nano.a(lib_a-__call_atexit.o)
 .debug_line    0x0000000000000000      0x1ee /usr/lib/gcc/arm-none-eabi/10.3.1/../../../arm-none-eabi/lib/libc_nano.a(lib_a-__call_atexit.o)
 .debug_str     0x0000000000000000      0x235 /usr/lib/gcc/arm-none-eabi/10.3.1/../../../arm-none-eabi/lib/libc_nano.a(lib_a-__call_atexit.o)
 .comment       0x0000000000000000       0x34 /usr/lib/gcc/arm-none-eabi/10.3.1/../../../arm-none-eabi/lib/libc_nano.a(lib_a-__call_atexit.o)
 .debug_frame   0x0000000000000000       0x4c /usr/lib/gcc/arm-none-eabi/10.3.1/../../../arm-none-eabi/lib/libc_nano.a(lib_a-__call_atexit.o)
 .ARM.attributes
                0x0000000000000000       0x2a /usr/lib/gcc/arm-none-eabi/10.3.1/../../../arm-none-eabi/lib/libc_nano.a(lib_a-__call_atexit.o)
 .text          0x0000000000000000        0x0 /usr/lib/gcc/arm-none-eabi/10.3.1/crtend.o
 .data          0x0000000000000000        0x0 /usr/lib/gcc/arm-none-eabi/10.3.1/crtend.o
 .bss           0x0000000000000000        0x0 /usr/lib/gcc/arm-none-eabi/10.3.1/crtend.o
 .rodata        0x0000000000000000       0x24 /usr/lib/gcc/arm-none-eabi/10.3.1/crtend.o
 .eh_frame      0x0000000000000000        0x4 /usr/lib/gcc/arm-none-eabi/10.3.1/crtend.o
 .tm_clone_table
                0x0000000000000000        0x0 /usr/lib/gcc/arm-none-eabi/10.3.1/crtend.o
 .comment       0x0000000000000000       0x34 /usr/lib/gcc/arm-none-eabi/10.3.1/crtend.o
 .ARM.attributes
                0x0000000000000000       0x30 /usr/lib/gcc/arm-none-eabi/10.3.1/crtend.o
 .text          0x0000000000000000        0x0 /usr/lib/gcc/arm-none-eabi/10.3.1/crtn.o
 .data          0x0000000000000000        0x0 /usr/lib/gcc/arm-none-eabi/10.3.1/crtn.o
 .bss           0x0000000000000000        0x0 /usr/lib/gcc/arm-none-eabi/10.3.1/crtn.o
 .init          0x0000000000000000        0xc /usr/lib/gcc/arm-none-eabi/10.3.1/crtn.o
 .fini          0x0000000000000000        0xc /usr/lib/gcc/arm-none-eabi/10.3.1/crtn.o
 .ARM.attributes
                0x0000000000000000       0x1c /usr/lib/gcc/arm-none-eabi/10.3.1/crtn.o

Memory Configuration

Name             Origin             Length             Attributes
INTERRUPTS       0x0000000000000000 0x0000000000000100 xr
FLASH_CONFIG     0x0000000000000400 0x0000000000000010 xr
TEXT             0x0000000000000410 0x000000000003fbf0 xr
RAM              0x000000001fffe000 0x0000000000008000 xrw
*default*        0x0000000000000000 0xffffffffffffffff

Linker script and memory map

LOAD /usr/lib/gcc/arm-none-eabi/10.3.1/crti.o
LOAD /usr/lib/gcc/arm-none-eabi/10.3.1/crtbegin.o
LOAD /usr/lib/gcc/arm-none-eabi/10.3.1/../../../arm-none-eabi/lib/crt0.o
                0x0000000000000400                STACK_SIZE = DEFINED (__stack_size__)?__stack_size__:0x400

.interrupts     0x0000000000000000       0xc0
 *(.isr_vector .isr_vector.*)
 .isr_vector    0x0000000000000000       0xc0 startup.o
                0x0000000000000000                g_pfnVectors

.flash_config   0x0000000000000400       0x10
                0x0000000000000400                . = ALIGN (0x4)
                0x0000000000000400        0x4 LONG 0xffffffff
                0x0000000000000404        0x4 LONG 0xffffffff
                0x0000000000000408        0x4 LONG 0xffffffff
                0x000000000000040c        0x4 LONG 0xfffffffe

.text           0x0000000000000410     0x1ba8
 *(.text .text.* .gnu.linkonce.t.*)
 .text          0x0000000000000410      0x194 main.o
                0x0000000000000410                irclk_ini
                0x000000000000044c                led_green_init
                0x000000000000049c                led_green_toggle
                0x00000000000004b0                led_red_init
                0x0000000000000504                led_red_toggle
                0x000000000000051c                taskLedGreen
                0x0000000000000530                taskLedRed
                0x0000000000000548                main
 .text          0x00000000000005a4       0x68 startup.o
                0x00000000000005a4                RTCSIntHandler
                0x00000000000005a4                FTM1IntHandler
                0x00000000000005a4                USBOTGIntHandler
                0x00000000000005a4                UART0SEIntHandler
                0x00000000000005a4                UART2SEIntHandler
                0x00000000000005a4                FTM2IntHandler
                0x00000000000005a4                I2C1IntHandler
                0x00000000000005a4                PORTDIntHandler
                0x00000000000005a4                Default_ResetHandler
                0x00000000000005a4                DMA1IntHandler
                0x00000000000005a4                DACIntHandler
                0x00000000000005a4                ACMPIntHandler
                0x00000000000005a4                ResetHandler
                0x00000000000005a4                LVDIntHandler
                0x00000000000005a4                PORTAIntHandler
                0x00000000000005a4                SPI1IntHandler
                0x00000000000005a4                FTFAIntHandler
                0x00000000000005a4                UART1SEIntHandler
                0x00000000000005a4                ADCIntHandler
                0x00000000000005a4                DMA0IntHandler
                0x00000000000005a4                I2C0IntHandler
                0x00000000000005a4                FTM0IntHandler
                0x00000000000005a4                LLWUIntHandler
                0x00000000000005a4                MCGIntHandler
                0x00000000000005a4                RTCAIntHandler
                0x00000000000005a4                SPI0IntHandler
                0x00000000000005a4                TSIIntHandler
                0x00000000000005a4                LPTMRIntHandler
                0x00000000000005a4                PITIntHandler
                0x00000000000005a4                DMA3IntHandler
                0x00000000000005a4                DMA2IntHandler
                0x0000000000000604                HardFaultIntHandler
                0x0000000000000604                BusFaultIntHandler
                0x0000000000000604                NMIIntHandler
                0x0000000000000604                UsageFaultIntHandler
                0x0000000000000604                MemManageIntHandler
                0x0000000000000604                DebugMonIntHandler
 .text          0x000000000000060c      0x152 freertos/list.o
                0x000000000000060c                vListInitialise
                0x0000000000000648                vListInitialiseItem
                0x000000000000065e                vListInsertEnd
                0x00000000000006a2                vListInsert
                0x000000000000070e                uxListRemove
 *fill*         0x000000000000075e        0x2 
 .text          0x0000000000000760     0x13bc freertos/tasks.o
                0x0000000000000760                xTaskCreate
                0x00000000000009ac                vTaskDelayUntil
                0x0000000000000a64                vTaskDelay
                0x0000000000000ab0                vTaskStartScheduler
                0x0000000000000b1c                vTaskEndScheduler
                0x0000000000000b38                vTaskSuspendAll
                0x0000000000000b50                xTaskResumeAll
                0x0000000000000c68                xTaskGetTickCount
                0x0000000000000c84                xTaskGetTickCountFromISR
                0x0000000000000ca4                uxTaskGetNumberOfTasks
                0x0000000000000cb8                pcTaskGetName
                0x0000000000000cec                xTaskIncrementTick
                0x0000000000000e54                vTaskSwitchContext
                0x0000000000000ef8                vTaskPlaceOnEventList
                0x0000000000000f34                vTaskPlaceOnUnorderedEventList
                0x0000000000000f90                xTaskRemoveFromEventList
                0x0000000000001048                vTaskRemoveFromUnorderedEventList
                0x00000000000010ec                vTaskSetTimeOutState
                0x0000000000001128                vTaskInternalSetTimeOutState
                0x0000000000001150                xTaskCheckForTimeOut
                0x00000000000011e4                vTaskMissedYield
                0x00000000000012d8                xTaskGetCurrentTaskHandle
                0x00000000000012f4                xTaskPriorityInherit
                0x00000000000013d0                xTaskPriorityDisinherit
                0x0000000000001488                vTaskPriorityDisinheritAfterTimeout
                0x0000000000001570                uxTaskResetEventItemValue
                0x000000000000159c                pvTaskIncrementMutexHeldCount
                0x00000000000015c0                ulTaskNotifyTake
                0x0000000000001644                xTaskNotifyWait
                0x00000000000016ec                xTaskGenericNotify
                0x0000000000001804                xTaskGenericNotifyFromISR
                0x0000000000001958                vTaskNotifyGiveFromISR
                0x0000000000001a48                xTaskNotifyStateClear
 .text          0x0000000000001b1c      0x1fc freertos/portable/MemMang/heap_2.o
                0x0000000000001b1c                pvPortMalloc
                0x0000000000001c38                vPortFree
                0x0000000000001cac                xPortGetFreeHeapSize
                0x0000000000001cc0                vPortInitialiseBlocks
 *fill*         0x0000000000001d18        0x8 
 .text          0x0000000000001d20      0x24c freertos/portable/GCC/ARM_CM0/port.o
                0x0000000000001d20                pxPortInitialiseStack
                0x0000000000001da4                vPortSVCHandler
                0x0000000000001dd6                xPortStartScheduler
                0x0000000000001e1c                vPortEndScheduler
                0x0000000000001e3c                vPortYield
                0x0000000000001e5c                vPortEnterCritical
                0x0000000000001e80                vPortExitCritical
                0x0000000000001eb0                ulSetInterruptMaskFromISR
                0x0000000000001ebc                vClearInterruptMaskFromISR
                0x0000000000001ec4                xPortPendSVHandler
                0x0000000000001f16                xPortSysTickHandler
                0x0000000000001f48                prvSetupTimerInterrupt
 *(.glue_7t)
 .glue_7t       0x0000000000001f6c        0x0 linker stubs
 *(.glue_7)
 .glue_7        0x0000000000001f6c        0x0 linker stubs
 *(.rodata .rodata* .gnu.linkonce.r.*)
 .rodata        0x0000000000001f6c       0x1b main.o
 *fill*         0x0000000000001f87        0x1 
 .rodata        0x0000000000001f88       0x30 freertos/tasks.o

.vfp11_veneer   0x0000000000001fb8        0x0
 .vfp11_veneer  0x0000000000001fb8        0x0 linker stubs

.v4_bx          0x0000000000001fb8        0x0
 .v4_bx         0x0000000000001fb8        0x0 linker stubs

.init           0x0000000000001fb8        0xc
 .init          0x0000000000001fb8        0xc /usr/lib/gcc/arm-none-eabi/10.3.1/crti.o
                0x0000000000001fb8                _init

.fini           0x0000000000001fc4        0xc
 .fini          0x0000000000001fc4        0xc /usr/lib/gcc/arm-none-eabi/10.3.1/crti.o
                0x0000000000001fc4                _fini

.iplt           0x0000000000001fd0        0x0
 .iplt          0x0000000000001fd0        0x0 main.o

.rel.dyn        0x0000000000001fd0        0x0
 .rel.iplt      0x0000000000001fd0        0x0 main.o

.ARM.extab
 *(.ARM.extab* .gnu.linkonce.armextab.*)

.ARM.exidx
 *(.ARM.exidx* .gnu.linkonce.armexidx.*)
                0x0000000000001fd0                . = ALIGN (0x4)
                0x0000000000001fd0                _etext = .
                0x0000000000001fd0                _sidata = .

.data           0x000000001fffe000        0x8 load address 0x0000000000001fd0
                0x000000001fffe000                _sdata = .
 *(.data .data.*)
 .data          0x000000001fffe000        0x4 freertos/portable/MemMang/heap_2.o
 .data          0x000000001fffe004        0x4 freertos/portable/GCC/ARM_CM0/port.o
                0x000000001fffe008                . = ALIGN (0x4)
                0x000000001fffe008                _edata = .

.igot.plt       0x000000001fffe008        0x0 load address 0x0000000000001fd8
 .igot.plt      0x000000001fffe008        0x0 main.o

.bss            0x000000001fffe008     0x30ec load address 0x0000000000001fd8
                0x000000001fffe008                _sbss = .
 *(.bss .bss.*)
 .bss           0x000000001fffe008       0xd8 freertos/tasks.o
                0x000000001fffe008                pxCurrentTCB
 .bss           0x000000001fffe0e0     0x3014 freertos/portable/MemMang/heap_2.o
 *(COMMON)
                0x00000000200010f4                . = ALIGN (0x4)
                0x00000000200010f4                _ebss = .

.co_stack       0x00000000200010f4      0x404 load address 0x00000000000050c4
                0x00000000200010f8                . = ALIGN (0x8)
 *fill*         0x00000000200010f4        0x4 
                0x00000000200014f8                . = (. + STACK_SIZE)
 *fill*         0x00000000200010f8      0x400 
                0x00000000200014f8                _start_of_stack = .
                0x00000000200014f8                . = ALIGN (0x4)
                0x00000000200014f8                _end = .
LOAD main.o
LOAD startup.o
LOAD freertos/list.o
LOAD freertos/queue.o
LOAD freertos/tasks.o
LOAD freertos/portable/MemMang/heap_2.o
LOAD freertos/portable/GCC/ARM_CM0/port.o
START GROUP
LOAD /usr/lib/gcc/arm-none-eabi/10.3.1/libgcc.a
LOAD /usr/lib/gcc/arm-none-eabi/10.3.1/../../../arm-none-eabi/lib/libc_nano.a
END GROUP
START GROUP
LOAD /usr/lib/gcc/arm-none-eabi/10.3.1/libgcc.a
LOAD /usr/lib/gcc/arm-none-eabi/10.3.1/../../../arm-none-eabi/lib/libc_nano.a
END GROUP
LOAD /usr/lib/gcc/arm-none-eabi/10.3.1/crtend.o
LOAD /usr/lib/gcc/arm-none-eabi/10.3.1/crtn.o
OUTPUT(main.elf elf32-littlearm)
LOAD linker stubs

.ARM.attributes
                0x0000000000000000       0x2d
 .ARM.attributes
                0x0000000000000000       0x1c /usr/lib/gcc/arm-none-eabi/10.3.1/crti.o
 .ARM.attributes
                0x000000000000001c       0x2c main.o
 .ARM.attributes
                0x0000000000000048       0x2c startup.o
 .ARM.attributes
                0x0000000000000074       0x2c freertos/list.o
 .ARM.attributes
                0x00000000000000a0       0x2c freertos/tasks.o
 .ARM.attributes
                0x00000000000000cc       0x2c freertos/portable/MemMang/heap_2.o
 .ARM.attributes
                0x00000000000000f8       0x2c freertos/portable/GCC/ARM_CM0/port.o

.comment        0x0000000000000000       0x33
 .comment       0x0000000000000000       0x33 main.o
                                         0x34 (size before relaxing)
 .comment       0x0000000000000033       0x34 startup.o
 .comment       0x0000000000000033       0x34 freertos/list.o
 .comment       0x0000000000000033       0x34 freertos/tasks.o
 .comment       0x0000000000000033       0x34 freertos/portable/MemMang/heap_2.o
 .comment       0x0000000000000033       0x34 freertos/portable/GCC/ARM_CM0/port.o

.debug_info     0x0000000000000000     0x1f77
 .debug_info    0x0000000000000000      0x58b main.o
 .debug_info    0x000000000000058b       0xfc startup.o
 .debug_info    0x0000000000000687      0x2b6 freertos/list.o
 .debug_info    0x000000000000093d     0x10ff freertos/tasks.o
 .debug_info    0x0000000000001a3c      0x2d2 freertos/portable/MemMang/heap_2.o
 .debug_info    0x0000000000001d0e      0x269 freertos/portable/GCC/ARM_CM0/port.o

.debug_abbrev   0x0000000000000000      0x876
 .debug_abbrev  0x0000000000000000      0x189 main.o
 .debug_abbrev  0x0000000000000189       0xb3 startup.o
 .debug_abbrev  0x000000000000023c       0xe8 freertos/list.o
 .debug_abbrev  0x0000000000000324      0x263 freertos/tasks.o
 .debug_abbrev  0x0000000000000587      0x159 freertos/portable/MemMang/heap_2.o
 .debug_abbrev  0x00000000000006e0      0x196 freertos/portable/GCC/ARM_CM0/port.o

.debug_aranges  0x0000000000000000       0xc0
 .debug_aranges
                0x0000000000000000       0x20 main.o
 .debug_aranges
                0x0000000000000020       0x20 startup.o
 .debug_aranges
                0x0000000000000040       0x20 freertos/list.o
 .debug_aranges
                0x0000000000000060       0x20 freertos/tasks.o
 .debug_aranges
                0x0000000000000080       0x20 freertos/portable/MemMang/heap_2.o
 .debug_aranges
                0x00000000000000a0       0x20 freertos/portable/GCC/ARM_CM0/port.o

.debug_line     0x0000000000000000     0x11ce
 .debug_line    0x0000000000000000      0x156 main.o
 .debug_line    0x0000000000000156       0x79 startup.o
 .debug_line    0x00000000000001cf      0x186 freertos/list.o
 .debug_line    0x0000000000000355      0xad4 freertos/tasks.o
 .debug_line    0x0000000000000e29      0x1d0 freertos/portable/MemMang/heap_2.o
 .debug_line    0x0000000000000ff9      0x1d5 freertos/portable/GCC/ARM_CM0/port.o

.debug_str      0x0000000000000000     0x10a5
 .debug_str     0x0000000000000000      0x2f6 main.o
                                        0x32f (size before relaxing)
 .debug_str     0x00000000000002f6       0x7f startup.o
                                        0x14c (size before relaxing)
 .debug_str     0x0000000000000375      0x139 freertos/list.o
                                        0x29b (size before relaxing)
 .debug_str     0x00000000000004ae      0x930 freertos/tasks.o
                                        0xb76 (size before relaxing)
 .debug_str     0x0000000000000dde      0x157 freertos/portable/MemMang/heap_2.o
                                        0x2d1 (size before relaxing)
 .debug_str     0x0000000000000f35      0x170 freertos/portable/GCC/ARM_CM0/port.o
                                        0x313 (size before relaxing)

.debug_frame    0x0000000000000000      0x910
 .debug_frame   0x0000000000000000      0x100 main.o
 .debug_frame   0x0000000000000100       0x4c startup.o
 .debug_frame   0x000000000000014c       0xb0 freertos/list.o
 .debug_frame   0x00000000000001fc      0x4f8 freertos/tasks.o
 .debug_frame   0x00000000000006f4       0xa8 freertos/portable/MemMang/heap_2.o
 .debug_frame   0x000000000000079c      0x174 freertos/portable/GCC/ARM_CM0/port.o
